<html>
<body>
<pre>
<h1>µVision Build Log</h1>
<h2>Tool Versions:</h2>
IDE-Version: µVision V5.12.0.0
Copyright (C) 2014 ARM Ltd and ARM Germany GmbH. All rights reserved.
License Information: PatLas PatLas, AGH, LIC=----
 
Tool Versions:
Toolchain:       MDK-Lite  Version: 5.12.0.0
Toolchain Path:  C:\Keil_v5\ARM\ARMCC\Bin
C Compiler:      Armcc.exe V5.05 (build 41)
Assembler:       Armasm.exe V5.05 (build 41)
Linker/Locator:  ArmLink.exe V5.05 (build 41)
Library Manager: ArmAr.exe V5.05 (build 41)
Hex Converter:   FromElf.exe V5.05 (build 41)
CPU DLL:         SARMCM3.DLL V5.12.0.0
Dialog DLL:      DCM.DLL V1.13.0.0
    Target DLL: STLink\ST-LINKIII-KEIL_SWO.dll
Dialog DLL:      TCM.DLL V1.14.2.0
 
<h2>Project:</h2>
C:\Users\PatLas\Documents\GitHub\THD_Meter\Projects\MDK-ARM\RS232.uvprojx
Project File Date:  12/13/2014

<h2>Output:</h2>
Build target 'RS232 Configuration'
compiling main.c...
..\..\Src\main.c(56): warning:  #177-D: variable "res" was declared but never referenced
        uint8_t res=100;
..\..\Src\main.c(57): warning:  #550-D: variable "a" was set but never used
        int a;
..\..\Src\main.c: 2 warnings, 0 errors
linking...
Program Size: Code=16000 RO-data=440 RW-data=388 ZI-data=4052  
"RS232 Configuration\RS232 Configuration.axf" - 0 Error(s), 2 Warning(s).

<h2>Collection of Component include folders:</h2>
  C:\Users\PatLas\Documents\GitHub\THD_Meter\Projects\MDK-ARM\RTE
  C:\Keil_v5\ARM\PACK\Keil\STM32F4xx_DFP\1.0.8\Device\Include

<h2>Collection of Component Files used:</h2>
Load "RS232 Configuration\\RS232 Configuration.axf" 
Erase Done.
Programming Done.
Verify OK.
Application running ...
</pre>
</body>
</html>
io.c...
compiling stm32f4xx_hal_pcd.c...
compiling stm32f4xx_hal_pwr.c...
compiling stm32f4xx_hal_pwr_ex.c...
compiling stm32f4xx_hal_rcc.c...
compiling stm32f4xx_hal_rcc_ex.c...
compiling stm32f4xx_ll_usb.c...
compiling stm32f4xx_hal_pcd_ex.c...
compiling stm32f4xx_hal_adc.c...
compiling stm32f4xx_hal_adc_ex.c...
compiling usbd_cdc.c...
compiling usbd_core.c...
compiling usbd_ctlreq.c...
compiling usbd_ioreq.c...
linking...
Program Size: Code=16000 RO-data=440 RW-data=388 ZI-data=4052  
"RS232 Configuration\RS232 Configuration.axf" - 0 Error(s), 2 Warning(s).

<h2>Collection of Component include folders:</h2>
  C:\Users\PatLas\Documents\GitHub\THD_Meter\Projects\MDK-ARM\RTE
  C:\Keil_v5\ARM\PACK\Keil\STM32F4xx_DFP\1.0.8\Device\Include

<h2>Collection of Component Files used:</h2>
Load "RS232 Configuration\\RS232 Configuration.axf" 
Erase Done.
Programming Done.
Verify OK.
Application running ...
